Orange Pi PC, setup under Win7

Using SanDisk Ultra 8G  Class 10 HC I
Checked SD card using H2testw
Downloaded image from https://drive.google.com/folderview?id=0B1hyW7T0dqn6fndnZTRhRm5BaW4zVDVyTGlGMWJES3Z1eXVDQzI5R1lnV21oRHFsWnVwSEU&usp=sharing
arrived at the above from: http://www.orangepi.org/orangepibbsen/forum.php?mod=viewthread&tid=342

Used file managed to extract the .img file.
Used Win32DiskManger to write the image to microSD.

SSH access is available by default.

Monitor, keyboard and mouse when first booting.
DHCP Hostname: OrangePI
Username: orangepi 
Password: orangepi

Operates between 40 and 50 degrees C during apt-get dist-upgrade.

Updated root password.


dmesg
[    0.000000] Booting Linux on physical CPU 0
[    0.000000] Initializing cgroup subsys cpu
[    0.000000] Linux version 3.4.39 (boris@UbuntuMate) (gcc version 4.6.3 20120201 (prerelease) (crosstool-NG linaro-1.13.1-2012.02-20120222 - Linaro GCC 2012.02) ) #1 SMP PREEMPT Mon Oct 12 12:02:29 CEST 2015
[    0.000000] CPU: ARMv7 Processor [410fc075] revision 5 (ARMv7), cr=10c5387d
[    0.000000] CPU: PIPT / VIPT nonaliasing data cache, VIPT aliasing instruction cache
[    0.000000] Machine: sun8i
[    0.000000] Ignoring tag cmdline (using the default kernel command line)
[    0.000000] bootconsole [earlycon0] enabled
[    0.000000] cma: CMA: reserved 256 MiB at 70000000
[    0.000000] Memory policy: ECC disabled, Data cache writealloc
[    0.000000] On node 0 totalpages: 262144
[    0.000000] free_area_init_node: node 0, pgdat c1000cc0, node_mem_map c10dd000
[    0.000000]   Normal zone: 1710 pages used for memmap
[    0.000000]   Normal zone: 0 pages reserved
[    0.000000]   Normal zone: 192850 pages, LIFO batch:31
[    0.000000]   HighMem zone: 594 pages used for memmap
[    0.000000]   HighMem zone: 66990 pages, LIFO batch:15
[    0.000000] script_init enter!
[    0.000000] script_init exit!
[    0.000000] PERCPU: Embedded 8 pages/cpu @c19f3000 s11840 r8192 d12736 u32768
[    0.000000] pcpu-alloc: s11840 r8192 d12736 u32768 alloc=8*4096
[    0.000000] pcpu-alloc: [0] 0 [0] 1 [0] 2 [0] 3 
[    0.000000] Built 1 zonelists in Zone order, mobility grouping on.  Total pages: 259840
[    0.000000] Kernel command line: earlyprintk=ttyS0,115200 loglevel=8 initcall_debug=0 console=ttyS0,115200 console=tty0 init=/init
[    0.000000] PID hash table entries: 4096 (order: 2, 16384 bytes)
[    0.000000] Dentry cache hash table entries: 131072 (order: 7, 524288 bytes)
[    0.000000] Inode-cache hash table entries: 65536 (order: 6, 262144 bytes)
[    0.000000] Memory: 1024MB = 1024MB total
[    0.000000] Memory: 758680k/758680k available, 289896k reserved, 8192K highmem
[    0.000000] Virtual kernel memory layout:
[    0.000000]     vector  : 0xffff0000 - 0xffff1000   (   4 kB)
[    0.000000]     fixmap  : 0xfff00000 - 0xfffe0000   ( 896 kB)
[    0.000000]     vmalloc : 0xf0000000 - 0xff000000   ( 240 MB)
[    0.000000]     lowmem  : 0xc0000000 - 0xef800000   ( 760 MB)
[    0.000000]     pkmap   : 0xbfe00000 - 0xc0000000   (   2 MB)
[    0.000000]     modules : 0xbf000000 - 0xbfe00000   (  14 MB)
[    0.000000]       .text : 0xc0008000 - 0xc0986378   (9721 kB)
[    0.000000]       .init : 0xc0987000 - 0xc0f86e40   (6144 kB)
[    0.000000]       .data : 0xc0f88000 - 0xc1003738   ( 494 kB)
[    0.000000]        .bss : 0xc1003eec - 0xc10dc400   ( 866 kB)
[    0.000000] Preemptible hierarchical RCU implementation.
[    0.000000] Additional per-CPU info printed with stalls.
[    0.000000] NR_IRQS:544
[    0.000000] Architected local timer running at 24.00MHz.
[    0.000000] Switching to timer-based delay loop
[    0.000000] sched_clock: 32 bits at 24MHz, resolution 41ns, wraps every 178956ms
[    0.000000] Console: colour dummy device 80x30
[    0.000000] console [tty0] enabled, bootconsole disabled
[    0.019915] Calibrating delay loop (skipped), value calculated using timer frequency.. 4800.00 BogoMIPS (lpj=24000000)
[    0.019969] pid_max: default: 32768 minimum: 301
[    0.020242] Mount-cache hash table entries: 512
[    0.021125] Initializing cgroup subsys cpuacct
[    0.021154] Initializing cgroup subsys freezer
[    0.021201] CPU: Testing write buffer coherency: ok
[    0.021254] ftrace: allocating 26203 entries in 77 pages
[    0.050268] CPU0: thread -1, cpu 0, socket 0, mpidr 80000000
[    0.050301] [sunxi_smp_prepare_cpus] enter
[    0.050342] Setting up static identity map for 0x406d2af0 - 0x406d2b48
[    0.051179] CPU1: Booted secondary processor
[    0.051179] CPU1: thread -1, cpu 1, socket 0, mpidr 80000001
[    0.051310] CPU2: Booted secondary processor
[    0.051310] CPU2: thread -1, cpu 2, socket 0, mpidr 80000002
[    0.051310] CPU3: Booted secondary processor
[    0.051310] CPU3: thread -1, cpu 3, socket 0, mpidr 80000003
[    0.060172] Brought up 4 CPUs
[    0.060254] SMP: Total of 4 processors activated (19200.00 BogoMIPS).
[    0.060837] devtmpfs: initialized
[    0.063132] wakeup src cnt is : 1. 
[    0.063151] [exstandby]leave extended_standby_enable_wakeup_src : event 0x800000
[    0.063174] [exstandby]leave extended_standby_enable_wakeup_src : wakeup_gpio_map 0x0
[    0.063198] [exstandby]leave extended_standby_enable_wakeup_src : wakeup_gpio_group 0x40
[    0.063223] sunxi pm init
[    0.063354] pinctrl core: initialized pinctrl subsystem
[    0.073914] NET: Registered protocol family 16
[    0.074577] DMA: preallocated 2048 KiB pool for atomic coherent allocations
[    0.074577] script_sysfs_init success
[    0.074577] sunxi_dump_init success
[    0.074577] gpiochip_add: registered GPIOs 0 to 383 on device: sunxi-pinctrl
[    0.074577] sunxi-pinctrl sunxi-pinctrl: initialized sunXi PIO driver
[    0.074577] hw-breakpoint: found 5 (+1 reserved) breakpoint and 4 watchpoint registers.
[    0.074577] hw-breakpoint: maximum watchpoint size is 8 bytes.
[    0.074577] script config pll_video to 297 Mhz
[    0.074577] script config pll_de to 864 Mhz
[    0.074577] script config pll_ve to 402 Mhz
[    0.074577] sunxi_default_clk_init
[    0.074577] try to set pll6ahb1 to 200000000
[    0.074577] try to set ahb clk source to pll6ahb1
[    0.074577] set ahb clk source to pll6ahb1
[    0.074577] try to set ahb1 to 200000000
[    0.074577] try to set apb1 to 100000000
[    0.074891] ===fe3o4==== sunxi_root_procfs_attach ret:0
[    0.080366] bio: create slab <bio-0> at 0
[    0.080366] [ARISC] :sunxi-arisc driver v1.04
[    0.095087] [ARISC] :arisc version: [v0.1.34]
[    0.172941] [ARISC] :sunxi-arisc driver v1.04 startup succeeded
[    0.180381] SCSI subsystem initialized
[    0.180565] usbcore: registered new interface driver usbfs
[    0.180641] usbcore: registered new interface driver hub
[    0.180682] usbcore: registered new device driver usb
[    0.180682] twi_chan_cfg()335 - [twi0] has no twi_regulator.
[    0.180682] twi_chan_cfg()335 - [twi1] has no twi_regulator.
[    0.180682] twi_chan_cfg()335 - [twi2] has no twi_regulator.
[    0.180726] Linux video capture interface: v2.00
[    0.180919] Advanced Linux Sound Architecture Driver Version 1.0.25.
[    0.181402] Bluetooth: Core ver 2.16
[    0.181453] NET: Registered protocol family 31
[    0.181474] Bluetooth: HCI device and connection manager initialized
[    0.181502] Bluetooth: HCI socket layer initialized
[    0.181522] Bluetooth: L2CAP socket layer initialized
[    0.181561] Bluetooth: SCO socket layer initialized
[    0.181766] cfg80211: Calling CRDA to update world regulatory domain
[    0.181840] Switching to clocksource arch_sys_counter
[    0.192048] FS-Cache: Loaded
[    0.192328] CacheFiles: Loaded
[    0.202145] NET: Registered protocol family 2
[    0.202405] IP route cache hash table entries: 32768 (order: 5, 131072 bytes)
[    0.202931] TCP established hash table entries: 131072 (order: 8, 1048576 bytes)
[    0.204547] TCP bind hash table entries: 65536 (order: 7, 786432 bytes)
[    0.205339] TCP: Hash tables configured (established 131072 bind 65536)
[    0.205364] TCP: reno registered
[    0.205384] UDP hash table entries: 512 (order: 2, 16384 bytes)
[    0.205428] UDP-Lite hash table entries: 512 (order: 2, 16384 bytes)
[    0.205704] NET: Registered protocol family 1
[    0.206044] RPC: Registered named UNIX socket transport module.
[    0.206071] RPC: Registered udp transport module.
[    0.206089] RPC: Registered tcp transport module.
[    0.206107] RPC: Registered tcp NFSv4.1 backchannel transport module.
[    0.544934] hw perfevents: enabled with ARMv7 Cortex_A7 PMU driver, 5 counters available
[    0.545080] sunxi_reg_init enter
[    0.545804] audit: initializing netlink socket (disabled)
[    0.545864] type=2000 audit(0.540:1): initialized
[    0.548961] highmem bounce pool size: 64 pages
[    0.549894] NFS: Registering the id_resolver key type
[    0.550294] Installing knfsd (copyright (C) 1996 okir@monad.swb.de).
[    0.550950] NTFS driver 2.1.30 [Flags: R/W].
[    0.551074] fuse init (API version 7.18)
[    0.551838] Btrfs loaded
[    0.551875] msgmni has been set to 1465
[    0.552895] io scheduler noop registered
[    0.552918] io scheduler deadline registered
[    0.553001] io scheduler cfq registered (default)
[    0.553377] [DISP]disp_module_init
[    0.553654] cmdline,disp=
[    0.571009] [DISP] Fb_map_kernel_logo,line:925:Fb_map_kernel_logo failed!
[    0.598778] Console: switching to colour frame buffer device 240x67
[    0.627387] [DISP]disp_module_init finish
[    0.627668] sw_uart_get_devinfo()1503 - uart0 has no uart_regulator.
[    0.627820] sw_uart_get_devinfo()1503 - uart2 has no uart_regulator.
[    0.627966] sw_uart_get_devinfo()1503 - uart3 has no uart_regulator.
[    0.628515] uart0: ttyS0 at MMIO 0x1c28000 (irq = 32) is a SUNXI
[    0.628658] sw_uart_pm()890 - uart0 clk is already enable
[    0.628788] sw_console_setup()1233 - console setup baud 115200 parity n bits 8, flow n
[    0.724748] console [ttyS0] enabled
[    1.312683] uart2: ttyS2 at MMIO 0x1c28800 (irq = 34) is a SUNXI
[    1.312949] uart3: ttyS3 at MMIO 0x1c28c00 (irq = 35) is a SUNXI
[    1.313449] sunxi_cmatest_init enter
[    1.313481] sunxi_cmatest_init success
[    1.317163] loop: module loaded
[    1.510041] sunxi_spi_chan_cfg()1355 - [spi-0] has no spi_regulator.
[    1.510051] sunxi_spi_chan_cfg()1355 - [spi-1] has no spi_regulator.
[    1.510558] spi spi0: master is unqueued, this is deprecated
[    1.510825] tun: Universal TUN/TAP device driver, 1.6
[    1.510831] tun: (C) 1999-2004 Max Krasnyansky <maxk@qualcomm.com>
[    1.511601] PPP generic driver version 2.4.2
[    1.511772] PPP BSD Compression module registered
[    1.511779] PPP Deflate Compression module registered
[    1.513909] PPP MPPE Compression module registered
[    1.513923] NET: Registered protocol family 24
[    1.513963] PPTP driver version 0.8.5
[    1.514161] ehci_hcd: USB 2.0 'Enhanced' Host Controller (EHCI) Driver
[    1.534256] sunxi-ehci sunxi-ehci.1: SW USB2.0 'Enhanced' Host Controller (EHCI) Driver
[    1.534288] sunxi-ehci sunxi-ehci.1: new USB bus registered, assigned bus number 1
[    1.691749] sunxi-ehci sunxi-ehci.1: irq 104, io mem 0xf1c1a000
[    1.890035] sunxi-ehci sunxi-ehci.1: USB 0.0 started, EHCI 1.00
[    2.086869] hub 1-0:1.0: USB hub found
[    2.267986] hub 1-0:1.0: 1 port detected
[    2.445711] sunxi-ehci sunxi-ehci.2: SW USB2.0 'Enhanced' Host Controller (EHCI) Driver
[    2.460371] sunxi-ehci sunxi-ehci.2: new USB bus registered, assigned bus number 2
[    2.474992] sunxi-ehci sunxi-ehci.2: irq 106, io mem 0xf1c1b000
[    2.500036] sunxi-ehci sunxi-ehci.2: USB 0.0 started, EHCI 1.00
[    2.512791] hub 2-0:1.0: USB hub found
[    2.522734] hub 2-0:1.0: 1 port detected
[    2.553062] sunxi-ehci sunxi-ehci.3: SW USB2.0 'Enhanced' Host Controller (EHCI) Driver
[    2.567698] sunxi-ehci sunxi-ehci.3: new USB bus registered, assigned bus number 3
[    2.582251] sunxi-ehci sunxi-ehci.3: irq 108, io mem 0xf1c1c000
[    2.610033] sunxi-ehci sunxi-ehci.3: USB 0.0 started, EHCI 1.00
[    2.622217] ehci_irq: highspeed device connect
[    2.633292] hub 3-0:1.0: USB hub found
[    2.643016] hub 3-0:1.0: 1 port detected
[    2.673192] sunxi-ehci sunxi-ehci.4: SW USB2.0 'Enhanced' Host Controller (EHCI) Driver
[    2.687726] sunxi-ehci sunxi-ehci.4: new USB bus registered, assigned bus number 4
[    2.702258] sunxi-ehci sunxi-ehci.4: irq 110, io mem 0xf1c1d000
[    2.730033] sunxi-ehci sunxi-ehci.4: USB 0.0 started, EHCI 1.00
[    2.742747] hub 4-0:1.0: USB hub found
[    2.752545] hub 4-0:1.0: 1 port detected
[    2.762735] ohci_hcd: USB 1.1 'Open' Host Controller (OHCI) Driver
[    2.795197] sunxi-ohci sunxi-ohci.1: SW USB2.0 'Open' Host Controller (OHCI) Driver
[    2.809342] sunxi-ohci sunxi-ohci.1: new USB bus registered, assigned bus number 5
[    2.823418] sunxi-ohci sunxi-ohci.1: irq 105, io mem 0xf1c1a400
[    2.850086] ehci_irq: highspeed device disconnect
[    2.894454] hub 5-0:1.0: USB hub found
[    2.904183] hub 5-0:1.0: 1 port detected
[    2.934361] sunxi-ohci sunxi-ohci.2: SW USB2.0 'Open' Host Controller (OHCI) Driver
[    2.948554] sunxi-ohci sunxi-ohci.2: new USB bus registered, assigned bus number 6
[    2.962687] sunxi-ohci sunxi-ohci.2: irq 107, io mem 0xf1c1b400
[    3.034443] hub 6-0:1.0: USB hub found
[    3.044369] hub 6-0:1.0: 1 port detected
[    3.074770] sunxi-ohci sunxi-ohci.3: SW USB2.0 'Open' Host Controller (OHCI) Driver
[    3.089128] sunxi-ohci sunxi-ohci.3: new USB bus registered, assigned bus number 7
[    3.103434] sunxi-ohci sunxi-ohci.3: irq 109, io mem 0xf1c1c400
[    3.174468] hub 7-0:1.0: USB hub found
[    3.184398] hub 7-0:1.0: 1 port detected
[    3.214747] sunxi-ohci sunxi-ohci.4: SW USB2.0 'Open' Host Controller (OHCI) Driver
[    3.229049] sunxi-ohci sunxi-ohci.4: new USB bus registered, assigned bus number 8
[    3.243333] sunxi-ohci sunxi-ohci.4: irq 111, io mem 0xf1c1d400
[    3.314464] hub 8-0:1.0: USB hub found
[    3.324489] hub 8-0:1.0: 1 port detected
[    3.334956] Initializing USB Mass Storage driver...
[    3.346339] usbcore: registered new interface driver usb-storage
[    3.358768] USB Mass Storage support registered.
[    3.369673] usbcore: registered new interface driver ums-alauda
[    3.382120] usbcore: registered new interface driver ums-cypress
[    3.394648] usbcore: registered new interface driver ums-datafab
[    3.407150] usbcore: registered new interface driver ums_eneub6250
[    3.419804] usbcore: registered new interface driver ums-freecom
[    3.432216] usbcore: registered new interface driver ums-isd200
[    3.444524] usbcore: registered new interface driver ums-jumpshot
[    3.456944] usbcore: registered new interface driver ums-karma
[    3.469009] usbcore: registered new interface driver ums-onetouch
[    3.481319] usbcore: registered new interface driver ums-realtek
[    3.493451] usbcore: registered new interface driver ums-sddr09
[    3.505440] usbcore: registered new interface driver ums-sddr55
[    3.517376] usbcore: registered new interface driver ums-usbat
[    3.529235] usbcore: registered new interface driver usbserial
[    3.540959] usbserial: USB Serial Driver core
[    3.551079] usbcore: registered new interface driver option
[    3.562531] USB Serial support registered for GSM modem (1-port)
[    3.570048] usb 7-1: new low-speed USB device number 2 using sunxi-ohci
[    3.587581] file system registered
[    3.598124] android_usb gadget: Mass Storage Function, version: 2009/09/11
[    3.611115] android_usb gadget: Number of LUNs=3
[    3.621499]  lun0: LUN: removable file: (no medium)
[    3.632212]  lun1: LUN: removable file: (no medium)
[    3.642802]  lun2: LUN: removable file: (no medium)
[    3.653633] android_usb gadget: android_usb ready
[    3.664154]  uinput result 0 , vmouse_init 
[    3.674407] mousedev: PS/2 mouse device common for all mice
[    3.685939] sunxikbd_init failed. 
[    3.694855] ls_fetch_sysconfig_para: type err  device_used = 0. 
[    3.706658] =========script_get_err============
[    3.716816] ltr_init: ls_fetch_sysconfig_para err.
[    3.727727] sunxi-rtc sunxi-rtc: rtc core: registered sunxi-rtc as rtc0
[    3.740327] i2c /dev entries driver
[    3.749669] IR RC5(x) protocol handler initialized
[    3.760255] sunxi tsc version 0.1 
[    3.769243] tscdev_init: tsc driver is disabled
[    3.779508] sunxi cedar version 0.1 
[    3.788607] [cedar]: install start!!!
[    3.797917] [cedar]: install end!!!
[    3.806863] sunxi_wdt_init_module: sunxi WatchDog Timer Driver v1.0
[    3.819094] sunxi_wdt_probe: devm_ioremap return wdt_reg 0xf1c20ca0, res->start 0x01c20ca0, res->end 0x01c20cbf
[    3.830454] sunxi_wdt_probe: initialized (g_timeout=16s, g_nowayout=0)
[    3.848273] wdt_enable, write reg 0xf1c20cb8 val 0x00000000
[    3.859705] timeout_to_interv, line 167
[    3.869163] interv_to_timeout, line 189
[    3.878580] wdt_set_tmout, write 0x000000b0 to mode reg 0xf1c20cb8, actual timeout 16 sec
[    3.893294] device-mapper: ioctl: 4.22.0-ioctl (2011-10-19) initialised: dm-devel@redhat.com
[    3.908073] Bluetooth: HCI UART driver ver 2.2
[    3.918750] [mmc]: SD/MMC/SDIO Host Controller Driver(v1.109 2014-12-4 20:51) Compiled in Oct 12 2015 at 12:00:18
[    3.935720] [mmc]: get mmc0's sdc_power is null!
[    3.946370] [mmc]: get mmc1's sdc_power is null!
[    3.956933] [mmc]: get mmc1's 2xmode ok, val = 1
[    3.967453] [mmc]: get mmc1's ddrmode ok, val = 1
[    3.978070] [mmc]: MMC host used card: 0x3, boot card: 0x0, io_card 2
[    3.991694] [mmc]: sdc0 set ios: clk 0Hz bm OD pm OFF vdd 3.3V width 1 timing LEGACY(SDR12) dt B
[    4.020747] [mmc]: sdc1 set ios: clk 0Hz bm OD pm OFF vdd 3.3V width 1 timing LEGACY(SDR12) dt B
[    4.038151] sunxi_leds_fetch_sysconfig_para script_parser_fetch "leds_para" leds_used = -1063626804
[    4.053123] =========script_get_err============
[    4.070326] generic-usb 0003:05AF:0408.0001: input,hidraw0: USB HID v1.10 Keyboard [2.4G USB RF KeyBoard] on usb-sunxi-ohci-1/input0
[    4.140567] generic-usb 0003:05AF:0408.0002: input,hidraw1: USB HID v1.10 Mouse [2.4G USB RF KeyBoard] on usb-sunxi-ohci-1/input1
[    4.171650] generic-usb 0003:05AF:0408.0003: input,hiddev0,hidraw2: USB HID v1.10 Device [2.4G USB RF KeyBoard] on usb-sunxi-ohci-1/input2
[    4.190794] usbcore: registered new interface driver usbhid
[    4.202211] usbhid: USB HID core driver
[    4.225721] asoc: sndcodec <-> sunxi-codec mapping ok
[    4.241865] asoc: sndhdmi <-> sunxi-hdmiaudio.0 mapping ok
[    4.255924] oprofile: using arm/armv7-ca7
[    4.267499] u32 classifier
[    4.277371]     Actions configured
[    4.288045] Netfilter messages via NETLINK v0.30.
[    4.300341] nf_conntrack version 0.5.0 (15950 buckets, 63800 max)
[    4.314671] ctnetlink v0.93: registering with nfnetlink.
[    4.327804] NF_TPROXY: Transparent proxy support initialized, version 4.1.0
[    4.342854] NF_TPROXY: Copyright (c) 2006-2007 BalaBit IT Ltd.
[    4.357042] xt_time: kernel timezone is -0000
[    4.368278] IPv4 over IPv4 tunneling driver
[    4.379616] gre: GRE over IPv4 demultiplexor driver
[    4.391376] ip_gre: GRE over IPv4 tunneling driver
[    4.403719] ip_tables: (C) 2000-2006 Netfilter Core Team
[    4.416261] arp_tables: (C) 2002 David S. Miller
[    4.427952] TCP: cubic registered
[    4.438145] Initializing XFRM netlink socket
[    4.449606] NET: Registered protocol family 10
[    4.462141] Mobile IPv6
[    4.471350] ip6_tables: (C) 2000-2006 Netfilter Core Team
[    4.483277] IPv6 over IPv4 tunneling driver
[    4.494633] NET: Registered protocol family 17
[    4.505329] NET: Registered protocol family 15
[    4.516061] Bluetooth: RFCOMM TTY layer initialized
[    4.526490] Bluetooth: RFCOMM socket layer initialized
[    4.537173] Bluetooth: RFCOMM ver 1.11
[    4.546322] Bluetooth: BNEP (Ethernet Emulation) ver 1.3
[    4.557216] Bluetooth: BNEP filters: protocol multicast
[    4.568000] Bluetooth: HIDP (Human Interface Emulation) ver 1.2
[    4.579667] L2TP core driver, V2.0
[    4.588417] PPPoL2TP kernel driver, V2.0
[    4.597704] L2TP IP encapsulation support (L2TPv3)
[    4.608000] L2TP netlink interface
[    4.616708] L2TP ethernet pseudowire support (L2TPv3)
[    4.627225] Registering the dns_resolver key type
[    4.637484] VFP support v0.3: implementor 41 architecture 2 part 30 variant 7 rev 5
[    4.650970] ThumbEE CPU extension supported.
[    4.660669] Registering SWP/SWPB emulation handler
[    4.671669] cmdline,disp=
[    4.679535] [HDMI] power vcc-hdmi-18
[    4.719152] sunxi-rtc sunxi-rtc: setting system clock to 1970-01-01 00:10:46 UTC (646)
[    4.733057] ths_fetch_sysconfig_para: type err  device_used = 1. 
[    4.745903] CPU Budget:Register notifier
[    4.755302] CPU Budget:register Success
[    4.764488] sunxi-budget-cooling sunxi-budget-cooling: Cooling device registered: thermal-budget-0
[    4.781729] [rf_pm]: select module num is 7
[    4.791446] [rf_pm]: module power0 name vcc-wifi-33
[    4.801890] [rf_pm]: failed to fetch module_power1
[    4.812180] [rf_pm]: mod has no chip_en gpio
[    4.821805] [rf_pm]: failed to fetch lpo_use_apclk
[    4.831949] [rf_pm]: regulator on.
[    4.840483] [wifi_pm]: no wifi used in configuration
[    4.850709] ALSA device list:
[    4.858688]   #0: audiocodec
[    4.866601]   #1: sndhdmi
[    4.874234] Warning: unable to open an initial console.
[    4.888803] Freeing init memory: 6140K
[    4.995026] [mmc]: mmc 0 detect change, present 1
[    5.320092] [DISP] disp_device_attached_and_enable,line:159:attched ok, mgr0<-->device0, type=4, mode=10
[    5.500105] [mmc]: sdc0 set ios: clk 0Hz bm PP pm UP vdd 3.3V width 1 timing LEGACY(SDR12) dt B
[    5.526863] [mmc]: sdc0 power_supply is null
[    5.560114] [mmc]: sdc0 set ios: clk 400000Hz bm PP pm ON vdd 3.3V width 1 timing LEGACY(SDR12) dt B
[    5.602367] [mmc]: *** sunxi_mci_dump_errinfo(L826): smc 0 err, cmd 52,  RTO !!
[    5.618518] [mmc]: *** sunxi_mci_dump_errinfo(L826): smc 0 err, cmd 52,  RTO !!
[    5.633608] [mmc]: sdc0 set ios: clk 400000Hz bm PP pm ON vdd 3.3V width 1 timing LEGACY(SDR12) dt B
[    5.653291] [mmc]: sdc0 set ios: clk 400000Hz bm PP pm ON vdd 3.3V width 1 timing LEGACY(SDR12) dt B
[    5.671843] *******************Try sdio*******************
[    5.684595] [mmc]: *** sunxi_mci_dump_errinfo(L826): smc 0 err, cmd 5,  RTO !!
[    5.699355] [mmc]: *** sunxi_mci_dump_errinfo(L826): smc 0 err, cmd 5,  RTO !!
[    5.714072] [mmc]: *** sunxi_mci_dump_errinfo(L826): smc 0 err, cmd 5,  RTO !!
[    5.728757] [mmc]: *** sunxi_mci_dump_errinfo(L826): smc 0 err, cmd 5,  RTO !!
[    5.738735] *******************Try sd *******************
[    5.754063] [mmc]: sdc0 set ios: clk 400000Hz bm PP pm ON vdd 3.3V width 1 timing LEGACY(SDR12) dt B
[    5.769548] [mmc]: sdc0 set ios: clk 400000Hz bm PP pm ON vdd 3.3V width 1 timing LEGACY(SDR12) dt B
[    5.787017] [mmc]: sdc0 set ios: clk 400000Hz bm PP pm ON vdd 3.3V width 1 timing LEGACY(SDR12) dt B
[    5.861522] [mmc]: sdc0 set ios: clk 25000000Hz bm PP pm ON vdd 3.3V width 1 timing LEGACY(SDR12) dt B
[    5.880934] [mmc]: sdc0 set ios: clk 25000000Hz bm PP pm ON vdd 3.3V width 1 timing SD-HS(SDR25) dt B
[    5.895668] [mmc]: sdc0 set ios: clk 50000000Hz bm PP pm ON vdd 3.3V width 1 timing SD-HS(SDR25) dt B
[    5.910387] [mmc]: sdc0 set ios: clk 50000000Hz bm PP pm ON vdd 3.3V width 4 timing SD-HS(SDR25) dt B
[    5.925035] mmc0: new high speed SDHC card at address aaaa
[    5.936058] mmcblk0: mmc0:aaaa SL08G 7.40 GiB 
[    5.946553]  mmcblk0: p1 p2
[    5.954570] *******************sd init ok*******************
[   11.278565] systemd-udevd[111]: starting version 215
[   12.641397] EXT4-fs (mmcblk0p2): mounted filesystem with ordered data mode. Opts: (null)
[   13.338626] systemd[1]: Failed to insert module 'autofs4'
[   13.570163] systemd[1]: systemd 219 running in system mode. (+PAM +AUDIT +SELINUX +IMA +APPARMOR +SMACK +SYSVINIT +UTMP +LIBCRYPTSETUP +GCRYPT -GNUTLS +ACL +XZ -LZ4 -SECCOMP +BLKID -ELFUTILS +KMOD -IDN)
[   13.596024] systemd[1]: Detected architecture arm.
[   13.632052] systemd[1]: Set hostname to <OrangePI>.
[   13.907938] systemd[1]: Reached target Encrypted Volumes.
[   13.919839] systemd[1]: Starting Encrypted Volumes.
[   13.931107] systemd[1]: Started Forward Password Requests to Wall Directory Watch.
[   13.945252] systemd[1]: Starting Forward Password Requests to Wall Directory Watch.
[   13.965091] systemd[1]: Reached target Remote File Systems (Pre).
[   13.976946] systemd[1]: Starting Remote File Systems (Pre).
[   13.993804] systemd[1]: Reached target Swap.
[   14.003598] systemd[1]: Starting Swap.
[   14.012839] systemd[1]: Set up automount Arbitrary Executable File Formats File System Automount Point.
[   14.034052] systemd[1]: Created slice Root Slice.
[   14.044437] systemd[1]: Starting Root Slice.
[   14.059829] systemd[1]: Created slice System Slice.
[   14.070345] systemd[1]: Starting System Slice.
[   14.085974] systemd[1]: Created slice system-getty.slice.
[   14.096959] systemd[1]: Starting system-getty.slice.
[   14.113093] systemd[1]: Created slice system-serial\x2dgetty.slice.
[   14.125129] systemd[1]: Starting system-serial\x2dgetty.slice.
[   14.142342] systemd[1]: Listening on udev Kernel Socket.
[   14.153376] systemd[1]: Starting udev Kernel Socket.
[   14.169931] systemd[1]: Listening on Journal Audit Socket.
[   14.181270] systemd[1]: Starting Journal Audit Socket.
[   14.197875] systemd[1]: Listening on Delayed Shutdown Socket.
[   14.209523] systemd[1]: Starting Delayed Shutdown Socket.
[   14.226358] systemd[1]: Listening on /dev/initctl Compatibility Named Pipe.
[   14.239264] systemd[1]: Starting /dev/initctl Compatibility Named Pipe.
[   14.257327] systemd[1]: Listening on Journal Socket (/dev/log).
[   14.269099] systemd[1]: Starting Journal Socket (/dev/log).
[   14.286069] systemd[1]: Listening on fsck to fsckd communication Socket.
[   14.298710] systemd[1]: Starting fsck to fsckd communication Socket.
[   14.316615] systemd[1]: Listening on udev Control Socket.
[   14.327921] systemd[1]: Starting udev Control Socket.
[   14.344704] systemd[1]: Listening on Journal Socket.
[   14.355525] systemd[1]: Starting Journal Socket.
[   14.440997] systemd[1]: Starting File System Check on Root Device...
[   14.475708] systemd[1]: Mounted POSIX Message Queue File System.
[   14.491244] systemd[1]: Mounted Huge Pages File System.
[   14.580425] systemd[1]: Starting LSB: Set keymap...
[   14.660295] systemd[1]: Mounting Debug File System...
[   14.800993] systemd[1]: Starting Journal Service...
[   14.930603] systemd[1]: Starting udev Coldplug all Devices...
[   15.030699] systemd[1]: Starting Setup Virtual Console...
[   15.130583] systemd[1]: Starting Create list of required static device nodes for the current kernel...
[   15.167168] systemd[1]: Created slice User and Session Slice.
[   15.181794] systemd[1]: Starting User and Session Slice.
[   15.204575] systemd[1]: Reached target Slices.
[   15.217677] systemd[1]: Starting Slices.
[   15.320618] systemd[1]: Starting Load Kernel Modules...
[   15.345105] systemd[1]: Started Set Up Additional Binary Formats.
[   15.371085] systemd[1]: Mounted Debug File System.
[   15.393834] systemd[1]: Started Journal Service.
[   16.338102] EXT4-fs (mmcblk0p2): re-mounted. Opts: errors=remount-ro
[   17.152979] systemd-journald[174]: Received request to flush runtime journal from PID 1
[   17.218981] vmouse_input_dev_open 
[   17.250219] vmouse_input_dev_close 
[   20.745361] gmac0: probed
[   20.745531] gmac0 gmac0: eth0: eth0: PHY ID 00441400 at 0 IRQ poll (gmac0-0:00)
[   22.958986] warning: process `colord-sane' used the deprecated sysctl system call with 8.1.2.
[   23.138070] vmouse_input_dev_open 
[   23.740243] PHY: gmac0-0:00 - Link is Up - 100/Full
[   40.740174] CPU Budget: Temperature: 76 Limit state:1 item[1200000,4,-1,0 0]
[   40.740194] [ddrfreq] temperature=76 C, ddr freq up
[   40.740232] CPU Budget:update CPU 0 cpufreq max to 1200000 min to 480000
[   41.250117] CPU Budget: Temperature: 76 Limit state:0 item[1536000,4,-1,0 0]
[   41.250136] [ddrfreq] temperature=74 C, ddr freq up

sudo apt-get install build-essential gcc-arm-none-eabi
sudo apt-get install git
# Already installed: sudo apt-get install curl

Set git defaults:
git config --global push.default current
git config --global user.name "Full name"
git config --global user.email "user@domain"

Install Go:  
  
sudo -s
cd /usr/local
curl http://dave.cheney.net/paste/go1.4.linux-arm~multiarch-armv7-1.tar.gz | tar zxf -
echo "export PATH=$PATH:/usr/local/go/bin" >>/etc/profile.d/go.sh
exit
echo 'export GOPATH=$HOME/go' >>~/.profile
echo 'export PATH=$PATH:$GOPATH/bin' >>~/.profile
mkdir $HOME/go
Logout
  exit
and then back in again.
  go env 
should display:
john@ubuntu:~$ go env
GOARCH="arm"
GOBIN=""
GOCHAR="5"
GOEXE=""
GOHOSTARCH="arm"
GOHOSTOS="linux"
GOOS="linux"
GOPATH="/home/john/go"
GORACE=""
GOROOT="/usr/local/go"
GOTOOLDIR="/usr/local/go/pkg/tool/linux_arm"
CC="gcc"
GOGCCFLAGS="-fPIC -marm -pthread -fmessage-length=0"
CXX="g++"
CGO_ENABLED="1"

Now install the uploader package:
go get -u github.com/jeelabs/embello/tools/uploader
  
  cd
  mkdir github
  cd github
  
  git clone https://github.com/jeelabs/embello.git
  cd embello/lib/test-lpc8xx-none/
  make clean

Edit your .bashrc file to shorten the system prompt by changing the 'w' below:
----------------------------------
if [ "$color_prompt" = yes ]; then
    PS1='${debian_chroot:+($debian_chroot)}\[\033[01;32m\]\u@\h\[\033[00m\]:\[\033[01;34m\]\w\[\033[00m\]\$ '
else
    PS1='${debian_chroot:+($debian_chroot)}\u@\h:\w\$ '
fi
----------------------------------

to: 'W'

----------------------------------
if [ "$color_prompt" = yes ]; then
    PS1='${debian_chroot:+($debian_chroot)}\[\033[01;32m\]\u@\h\[\033[00m\]:\[\033[01;34m\]\W\[\033[00m\]\$ '
else
    PS1='${debian_chroot:+($debian_chroot)}\u@\h:\W\$ '
fi
----------------------------------

john@OrangePI:~$ free
             total       used       free     shared    buffers     cached
Mem:       1026964     215512     811452      17132      15872     104264
-/+ buffers/cache:      95376     931588
Swap:            0          0          0

